Date: 30/11/2020 18:02:19
===============
Quantum Package
===============

Git Commit: Fixed tests
Git Date  : Wed Nov 11 19:13:04 2020 +0100
Git SHA1  : da5768f5fe48307bc9735a09fb605068acf7f5d5
EZFIO Dir : benzene


Task server running : tcp://10.131.2.159:41279
.. >>>>> [ IO READ: ao_num ] <<<<< ..
 
.. >>>>> [ RES  MEM :       0.012192 GB ] [ VIRT MEM :       0.145947 GB ] <<<<< ..
.. >>>>> [ WALL TIME:       0.001058  s ] [ CPU  TIME:       0.026973  s ] <<<<< ..
 
* mo_num                                                       114
 Read  mo_coef
.. >>>>> [ IO READ: lin_dep_cutoff ] <<<<< ..
 
.. >>>>> [ RES  MEM :       0.016148 GB ] [ VIRT MEM :       8.591129 GB ] <<<<< ..
.. >>>>> [ WALL TIME:       0.061843  s ] [ CPU  TIME:       1.855407  s ] <<<<< ..
 
.. >>>>> [ IO READ: io_ao_integrals_overlap ] <<<<< ..
 
.. >>>>> [ RES  MEM :       0.016148 GB ] [ VIRT MEM :       8.591129 GB ] <<<<< ..
.. >>>>> [ WALL TIME:       0.062653  s ] [ CPU  TIME:       1.960793  s ] <<<<< ..
 
.. >>>>> [ IO READ: ao_prim_num ] <<<<< ..
 
.. >>>>> [ RES  MEM :       0.016777 GB ] [ VIRT MEM :       8.591129 GB ] <<<<< ..
.. >>>>> [ WALL TIME:       0.068899  s ] [ CPU  TIME:       2.744289  s ] <<<<< ..
 
.. >>>>> [ IO READ: ao_normalized ] <<<<< ..
 
.. >>>>> [ RES  MEM :       0.016777 GB ] [ VIRT MEM :       8.591129 GB ] <<<<< ..
.. >>>>> [ WALL TIME:       0.069713  s ] [ CPU  TIME:       2.847937  s ] <<<<< ..
 
.. >>>>> [ IO READ: primitives_normalized ] <<<<< ..
 
.. >>>>> [ RES  MEM :       0.016777 GB ] [ VIRT MEM :       8.591129 GB ] <<<<< ..
.. >>>>> [ WALL TIME:       0.070428  s ] [ CPU  TIME:       2.939483  s ] <<<<< ..
 
.. >>>>> [ IO READ: ao_coef ] <<<<< ..
 
.. >>>>> [ RES  MEM :       0.016853 GB ] [ VIRT MEM :       8.591129 GB ] <<<<< ..
.. >>>>> [ WALL TIME:       0.076472  s ] [ CPU  TIME:       3.633208  s ] <<<<< ..
 
.. >>>>> [ IO READ: ao_power ] <<<<< ..
 
.. >>>>> [ RES  MEM :       0.016895 GB ] [ VIRT MEM :       8.591129 GB ] <<<<< ..
.. >>>>> [ WALL TIME:       0.081462  s ] [ CPU  TIME:       4.234784  s ] <<<<< ..
 
.. >>>>> [ IO READ: ao_expo ] <<<<< ..
 
.. >>>>> [ RES  MEM :       0.016922 GB ] [ VIRT MEM :       8.591129 GB ] <<<<< ..
.. >>>>> [ WALL TIME:       0.086590  s ] [ CPU  TIME:       4.817820  s ] <<<<< ..
 
.. >>>>> [ IO READ: ao_nucl ] <<<<< ..
 
.. >>>>> [ RES  MEM :       0.017109 GB ] [ VIRT MEM :       8.591129 GB ] <<<<< ..
.. >>>>> [ WALL TIME:       0.091852  s ] [ CPU  TIME:       5.475063  s ] <<<<< ..
 
.. >>>>> [ IO READ: nucl_num ] <<<<< ..
 
.. >>>>> [ RES  MEM :       0.017109 GB ] [ VIRT MEM :       8.591129 GB ] <<<<< ..
.. >>>>> [ WALL TIME:       0.103894  s ] [ CPU  TIME:       7.005093  s ] <<<<< ..
 
.. >>>>> [ IO READ: nucl_label ] <<<<< ..
 
.. >>>>> [ RES  MEM :       0.017136 GB ] [ VIRT MEM :       8.591129 GB ] <<<<< ..
.. >>>>> [ WALL TIME:       0.108030  s ] [ CPU  TIME:       7.531665  s ] <<<<< ..
 
.. >>>>> [ IO READ: nucl_charge ] <<<<< ..
 
.. >>>>> [ RES  MEM :       0.017151 GB ] [ VIRT MEM :       8.591129 GB ] <<<<< ..
.. >>>>> [ WALL TIME:       0.112624  s ] [ CPU  TIME:       8.115750  s ] <<<<< ..
 
 
.. >>>>> [ RES  MEM :       0.017159 GB ] [ VIRT MEM :       8.591129 GB ] <<<<< ..
.. >>>>> [ WALL TIME:       0.116518  s ] [ CPU  TIME:       8.609203  s ] <<<<< ..
 

Nuclear Coordinates (Angstroms)
===============================

================ ============ ============ ============ ============
      Atom          Charge          X            Y            Z 
================ ============ ============ ============ ============
C                    6.000000     0.000000     1.392503     0.000000
C                    6.000000    -1.205943     0.696252     0.000000
C                    6.000000    -1.205943    -0.696252     0.000000
C                    6.000000     0.000000    -1.392503     0.000000
C                    6.000000     1.205943    -0.696252     0.000000
C                    6.000000     1.205943     0.696252     0.000000
H                    1.000000    -2.141717     1.236521     0.000000
H                    1.000000    -2.141717    -1.236521     0.000000
H                    1.000000     0.000000    -2.473042     0.000000
H                    1.000000     2.141717    -1.236521     0.000000
H                    1.000000     2.141717     1.236521     0.000000
H                    1.000000     0.000000     2.473042     0.000000
================ ============ ============ ============ ============

Minimal interatomic distance found:       1.0805 Angstrom
.. >>>>> [ IO READ: io_ao_one_e_integrals ] <<<<< ..
 
.. >>>>> [ RES  MEM :       0.019497 GB ] [ VIRT MEM :       8.670464 GB ] <<<<< ..
.. >>>>> [ WALL TIME:       0.194352  s ] [ CPU  TIME:      18.491239  s ] <<<<< ..
 
.. >>>>> [ IO READ: io_ao_integrals_kinetic ] <<<<< ..
 
.. >>>>> [ RES  MEM :       0.019497 GB ] [ VIRT MEM :       8.670464 GB ] <<<<< ..
.. >>>>> [ WALL TIME:       0.195059  s ] [ CPU  TIME:      18.587238  s ] <<<<< ..
 
.. >>>>> [ IO READ: io_ao_integrals_n_e ] <<<<< ..
 
.. >>>>> [ RES  MEM :       0.019714 GB ] [ VIRT MEM :       8.670464 GB ] <<<<< ..
.. >>>>> [ WALL TIME:       0.198112  s ] [ CPU  TIME:      18.976297  s ] <<<<< ..
 
.. >>>>> [ IO READ: do_pseudo ] <<<<< ..
 
.. >>>>> [ RES  MEM :       0.019714 GB ] [ VIRT MEM :       8.670464 GB ] <<<<< ..
.. >>>>> [ WALL TIME:       0.214270  s ] [ CPU  TIME:      21.027058  s ] <<<<< ..
 
.. >>>>> [ IO READ: do_direct_integrals ] <<<<< ..
 
.. >>>>> [ RES  MEM :       0.019939 GB ] [ VIRT MEM :       8.670464 GB ] <<<<< ..
.. >>>>> [ WALL TIME:       0.227344  s ] [ CPU  TIME:      22.693004  s ] <<<<< ..
 
.. >>>>> [ IO READ: elec_beta_num ] <<<<< ..
 
.. >>>>> [ RES  MEM :       0.019939 GB ] [ VIRT MEM :       8.670464 GB ] <<<<< ..
.. >>>>> [ WALL TIME:       0.243458  s ] [ CPU  TIME:      24.740313  s ] <<<<< ..
 
.. >>>>> [ IO READ: elec_alpha_num ] <<<<< ..
 
.. >>>>> [ RES  MEM :       0.020042 GB ] [ VIRT MEM :       8.670464 GB ] <<<<< ..
.. >>>>> [ WALL TIME:       0.244423  s ] [ CPU  TIME:      24.864163  s ] <<<<< ..
 
 AO map initialized :               26357430
.. >>>>> [ IO READ: io_ao_two_e_integrals ] <<<<< ..
 
.. >>>>> [ RES  MEM :       0.020607 GB ] [ VIRT MEM :       8.670464 GB ] <<<<< ..
.. >>>>> [ WALL TIME:       0.245839  s ] [ CPU  TIME:      25.044993  s ] <<<<< ..
 
 Providing the AO integrals
.. >>>>> [ IO READ: ao_integrals_threshold ] <<<<< ..
 
.. >>>>> [ RES  MEM :       0.020607 GB ] [ VIRT MEM :       8.670464 GB ] <<<<< ..
.. >>>>> [ WALL TIME:       0.246756  s ] [ CPU  TIME:      25.162278  s ] <<<<< ..
 
.. >>>>> [ IO READ: is_periodic ] <<<<< ..
 
.. >>>>> [ RES  MEM :       0.023834 GB ] [ VIRT MEM :       8.834690 GB ] <<<<< ..
.. >>>>> [ WALL TIME:       0.329041  s ] [ CPU  TIME:      29.953867  s ] <<<<< ..
 
 Sorting the map
 AO integrals provided:
  Size of AO map :            162.047611236572      MB
  Number of AO integrals :              13766439
  cpu  time :   448.288872000000      s
  wall time :   4.00567603111267      s  ( x    111.913411997894       )
.. >>>>> [ IO READ: io_nuclear_repulsion ] <<<<< ..
 
.. >>>>> [ RES  MEM :       0.251827 GB ] [ VIRT MEM :       9.111389 GB ] <<<<< ..
.. >>>>> [ WALL TIME:       4.276758  s ] [ CPU  TIME:     476.482151  s ] <<<<< ..
 
 
.. >>>>> [ RES  MEM :       0.251827 GB ] [ VIRT MEM :       9.111389 GB ] <<<<< ..
.. >>>>> [ WALL TIME:       4.277014  s ] [ CPU  TIME:     476.520119  s ] <<<<< ..
 
* Nuclear repulsion energy                           203.8798184649945    
 * mo_label          Canonical
.. >>>>> [ IO READ: frozen_orb_scf ] <<<<< ..
 
.. >>>>> [ RES  MEM :       0.251827 GB ] [ VIRT MEM :       9.111389 GB ] <<<<< ..
.. >>>>> [ WALL TIME:       4.293238  s ] [ CPU  TIME:     478.576802  s ] <<<<< ..
 
.. >>>>> [ IO READ: n_it_scf_max ] <<<<< ..
 
.. >>>>> [ RES  MEM :       0.251827 GB ] [ VIRT MEM :       9.111389 GB ] <<<<< ..
.. >>>>> [ WALL TIME:       4.294122  s ] [ CPU  TIME:     478.693133  s ] <<<<< ..
 
.. >>>>> [ IO READ: level_shift ] <<<<< ..
 
.. >>>>> [ RES  MEM :       0.251827 GB ] [ VIRT MEM :       9.111389 GB ] <<<<< ..
.. >>>>> [ WALL TIME:       4.294951  s ] [ CPU  TIME:     478.798945  s ] <<<<< ..
 
.. >>>>> [ IO READ: restore_symm ] <<<<< ..
 
.. >>>>> [ RES  MEM :       0.252781 GB ] [ VIRT MEM :       9.111389 GB ] <<<<< ..
.. >>>>> [ WALL TIME:       4.309752  s ] [ CPU  TIME:     480.680223  s ] <<<<< ..
 
.. >>>>> [ IO READ: scf_algorithm ] <<<<< ..
 
.. >>>>> [ RES  MEM :       0.263851 GB ] [ VIRT MEM :       9.571281 GB ] <<<<< ..
.. >>>>> [ WALL TIME:       4.380560  s ] [ CPU  TIME:     489.414519  s ] <<<<< ..
 
.. >>>>> [ IO READ: max_dim_diis ] <<<<< ..
 
.. >>>>> [ RES  MEM :       0.268661 GB ] [ VIRT MEM :       9.571281 GB ] <<<<< ..
.. >>>>> [ WALL TIME:       4.538112  s ] [ CPU  TIME:     509.580511  s ] <<<<< ..
 
.. >>>>> [ IO READ: threshold_diis ] <<<<< ..
 
.. >>>>> [ RES  MEM :       0.268661 GB ] [ VIRT MEM :       9.571281 GB ] <<<<< ..
.. >>>>> [ WALL TIME:       4.539290  s ] [ CPU  TIME:     509.729696  s ] <<<<< ..
 
.. >>>>> [ IO READ: thresh_scf ] <<<<< ..
 
.. >>>>> [ RES  MEM :       0.268864 GB ] [ VIRT MEM :       9.571281 GB ] <<<<< ..
.. >>>>> [ WALL TIME:       4.540420  s ] [ CPU  TIME:     509.874970  s ] <<<<< ..
 
.. >>>>> [ IO READ: ao_md5 ] <<<<< ..
 
.. >>>>> [ RES  MEM :       0.268864 GB ] [ VIRT MEM :       9.571281 GB ] <<<<< ..
.. >>>>> [ WALL TIME:       4.541539  s ] [ CPU  TIME:     510.017723  s ] <<<<< ..
 
 Read mo_occ
 
.. >>>>> [ RES  MEM :       0.268871 GB ] [ VIRT MEM :       9.574509 GB ] <<<<< ..
.. >>>>> [ WALL TIME:       4.547612  s ] [ CPU  TIME:     510.781958  s ] <<<<< ..
 
 Energy of the guess =   -230.722244982488     
==== ================ ================ ================ ================
  N          Energy      Energy diff       DIIS error     Level shift   
==== ================ ================ ================ ================
   1  -230.7222449857    -0.0000000032     0.0000047618     0.0000000000   1
.. >>>>> [ IO READ: mo_class ] <<<<< ..
 
.. >>>>> [ RES  MEM :       0.269939 GB ] [ VIRT MEM :       9.582321 GB ] <<<<< ..
.. >>>>> [ WALL TIME:       5.029800  s ] [ CPU  TIME:     572.485423  s ] <<<<< ..
 
   2  -230.7222449857    -0.0000000000     0.0000011803     0.0000000000   2
==== ================ ================ ================ ================
 
 
.. >>>>> [ RES  MEM :       0.277790 GB ] [ VIRT MEM :       9.582447 GB ] <<<<< ..
.. >>>>> [ WALL TIME:       5.714324  s ] [ CPU  TIME:     642.000915  s ] <<<<< ..
 
MOs are now **Canonical**

Eigenvalues
-----------

======== ================
       1   -11.2379098250
       2   -11.2373497320
       3   -11.2373495052
       4   -11.2361425978
       5   -11.2361420920
       6   -11.2355547673
       7    -1.1494996207
       8    -1.0137846348
       9    -1.0137845758
      10    -0.8223063893
      11    -0.8223063830
      12    -0.7069566698
      13    -0.6416989042
      14    -0.6158084773
      15    -0.5852685197
      16    -0.5852682942
      17    -0.4997749960
      18    -0.4911424419
      19    -0.4911424183
      20    -0.3338438047
      21    -0.3338436269
      22     0.1379133728
      23     0.1379134011
      24     0.1829848553
      25     0.2202640194
      26     0.2202641169
      27     0.2561040797
      28     0.2561040867
      29     0.2732602430
      30     0.3519955037
      31     0.4383079219
      32     0.4383079282
      33     0.4707683761
      34     0.4707683784
      35     0.5847657886
      36     0.5901850320
      37     0.6762554182
      38     0.6801811812
      39     0.7128895756
      40     0.7315802722
      41     0.7315804601
      42     0.7415985416
      43     0.7415986252
      44     0.7448381091
      45     0.7452001348
      46     0.7452001361
      47     0.8231943858
      48     0.8231944269
      49     0.8536231566
      50     0.8536232517
      51     0.8902954277
      52     0.8902956076
      53     0.9110484015
      54     0.9901291502
      55     0.9984370077
      56     1.0484687969
      57     1.1071751991
      58     1.1071752240
      59     1.1279939823
      60     1.1528401525
      61     1.2043616052
      62     1.2043616407
      63     1.2460389541
      64     1.2460391519
      65     1.2470983064
      66     1.2470983780
      67     1.3156356021
      68     1.3210417540
      69     1.3210417602
      70     1.4722193389
      71     1.5170676921
      72     1.5170676930
      73     1.7199386082
      74     1.7450740016
      75     1.7450740040
      76     1.7690395570
      77     1.8154838849
      78     1.8732576013
      79     1.8732576484
      80     1.9015754050
      81     1.9015754165
      82     1.9016451476
      83     1.9542326579
      84     1.9542327763
      85     1.9655627554
      86     1.9655627556
      87     1.9656459820
      88     2.0940986006
      89     2.0940986754
      90     2.1291124152
      91     2.1504136977
      92     2.1504137038
      93     2.1691224724
      94     2.1716120232
      95     2.1716120321
      96     2.2706942499
      97     2.2706943421
      98     2.2889851885
      99     2.2889852261
     100     2.3355834360
     101     2.5032347730
     102     2.5688362211
     103     2.7159959455
     104     2.7699366817
     105     2.7699366924
     106     2.7993652994
     107     2.7993653438
     108     2.9761622656
     109     2.9761622896
     110     3.0083510753
     111     3.1448316847
     112     3.2885499174
     113     3.2885499256
     114     4.0471872678
======== ================

 
.. >>>>> [ RES  MEM :       0.278172 GB ] [ VIRT MEM :      10.029026 GB ] <<<<< ..
.. >>>>> [ WALL TIME:       5.720107  s ] [ CPU  TIME:     642.691974  s ] <<<<< ..
 
* SCF energy                                        -230.7222449856859    
 
.. >>>>> [ RES  MEM :       0.279930 GB ] [ VIRT MEM :      10.029026 GB ] <<<<< ..
.. >>>>> [ WALL TIME:       6.306175  s ] [ CPU  TIME:     702.904094  s ] <<<<< ..
 
Wall time: 0:00:08

